---
source: src/modules/view.rs
expression: report.table()
---
[0m+[0m[0m------------[0m[0m+[0m[0m------------[0m[0m+[0m[0m----------[0m[0m+[0m[0m-------------[0m[0m+[0m[0m--------------------[0m[0m+
[0m[0m[0m|[0m[0m [0m[0m[0m[1mActivity  [0m [0m[0m|[0m[0m [0m[0m[0m[1mOptimistic[0m [0m[0m|[0m[0m [0m[0m[0m[1mProbable[0m [0m[0m|[0m[0m [0m[0m[0m[1mPessimistic[0m [0m[0m|[0m[0m [0m[0m[0m[1mPERT estimation   [0m [0m[0m|[0m[0m
[0m[0m[0m+[0m[0m------------[0m[0m+[0m[0m------------[0m[0m+[0m[0m----------[0m[0m+[0m[0m-------------[0m[0m+[0m[0m--------------------[0m[0m+
[0m[0m[0m|[0m[0m [0m[0m[0mactivity 1[0m [0m[0m|[0m[0m [0m[0m[0m6         [0m [0m[0m|[0m[0m [0m[0m[0m10      [0m [0m[0m|[0m[0m [0m[0m[0m15         [0m [0m[0m|[0m[0m [0m[0m[0m10.166666666666666[0m [0m[0m|[0m[0m
[0m[0m[0m+[0m[0m------------[0m[0m+[0m[0m------------[0m[0m+[0m[0m----------[0m[0m+[0m[0m-------------[0m[0m+[0m[0m--------------------[0m[0m+
[0m[0m[0m|[0m[0m [0m[0m[0mactivity 2[0m [0m[0m|[0m[0m [0m[0m[0m18        [0m [0m[0m|[0m[0m [0m[0m[0m25      [0m [0m[0m|[0m[0m [0m[0m[0m39         [0m [0m[0m|[0m[0m [0m[0m[0m26.166666666666664[0m [0m[0m|[0m[0m
[0m[0m[0m+[0m[0m------------[0m[0m+[0m[0m------------[0m[0m+[0m[0m----------[0m[0m+[0m[0m-------------[0m[0m+[0m[0m--------------------[0m[0m+
[0m[0m[0m|[0m[0m [0m[0m[0mactivity 3[0m [0m[0m|[0m[0m [0m[0m[0m14        [0m [0m[0m|[0m[0m [0m[0m[0m22      [0m [0m[0m|[0m[0m [0m[0m[0m35         [0m [0m[0m|[0m[0m [0m[0m[0m22.833333333333332[0m [0m[0m|[0m[0m
[0m[0m[0m+[0m[0m------------[0m[0m+[0m[0m------------[0m[0m+[0m[0m----------[0m[0m+[0m[0m-------------[0m[0m+[0m[0m--------------------[0m[0m+
[0m[0m[0m|[0m[0m [0m[0m[0mactivity 4[0m [0m[0m|[0m[0m [0m[0m[0m23        [0m [0m[0m|[0m[0m [0m[0m[0m34      [0m [0m[0m|[0m[0m [0m[0m[0m62         [0m [0m[0m|[0m[0m [0m[0m[0m36.83333333333333 [0m [0m[0m|[0m[0m
[0m[0m[0m+[0m[0m------------[0m[0m+[0m[0m------------[0m[0m+[0m[0m----------[0m[0m+[0m[0m-------------[0m[0m+[0m[0m--------------------[0m[0m+
[0m[0m
TOTAL: 95.99999999999999
